// Vitest Snapshot v1, https://vitest.dev/guide/snapshot.html

exports[`DettaglioServicePage > render component 1`] = `
<div>
  <div
    class="MuiGrid-root MuiGrid-container MuiGrid-spacing-xs-1 MuiGrid-direction-xs-column css-94xhmw-MuiGrid-root"
  >
    <div
      class="MuiGrid-root MuiGrid-container MuiGrid-item MuiGrid-direction-xs-column css-13wu608-MuiGrid-root"
    >
      <span
        class="MuiSkeleton-root MuiSkeleton-rectangular MuiSkeleton-pulse css-1wm4kle-MuiSkeleton-root"
        style="width: 300px; height: 15px;"
      />
      <span
        class="MuiSkeleton-root MuiSkeleton-rectangular MuiSkeleton-pulse css-1wm4kle-MuiSkeleton-root"
        style="width: 600px; height: 15px;"
      />
    </div>
    <div
      class="MuiGrid-root MuiGrid-item css-g6cc9b-MuiGrid-root"
    >
      <div
        class="MuiStack-root css-19qjufr-MuiStack-root"
      >
        <div
          class="MuiBox-root css-iuqs4u"
        >
          <span
            class="MuiSkeleton-root MuiSkeleton-text MuiSkeleton-pulse css-1n7gpw1-MuiSkeleton-root"
          />
        </div>
        <div
          class="MuiBox-root css-1rr4qq7"
        >
          <span
            class="MuiSkeleton-root MuiSkeleton-text MuiSkeleton-pulse css-1n7gpw1-MuiSkeleton-root"
          />
          <span
            class="MuiSkeleton-root MuiSkeleton-text MuiSkeleton-pulse css-1n7gpw1-MuiSkeleton-root"
          />
        </div>
      </div>
      <div
        class="MuiStack-root css-19qjufr-MuiStack-root"
      >
        <div
          class="MuiBox-root css-iuqs4u"
        >
          <span
            class="MuiSkeleton-root MuiSkeleton-text MuiSkeleton-pulse css-1n7gpw1-MuiSkeleton-root"
          />
        </div>
        <div
          class="MuiBox-root css-1rr4qq7"
        >
          <span
            class="MuiSkeleton-root MuiSkeleton-text MuiSkeleton-pulse css-1n7gpw1-MuiSkeleton-root"
          />
          <span
            class="MuiSkeleton-root MuiSkeleton-text MuiSkeleton-pulse css-1n7gpw1-MuiSkeleton-root"
          />
        </div>
      </div>
      <div
        class="MuiStack-root css-19qjufr-MuiStack-root"
      >
        <div
          class="MuiBox-root css-iuqs4u"
        >
          <span
            class="MuiSkeleton-root MuiSkeleton-text MuiSkeleton-pulse css-1n7gpw1-MuiSkeleton-root"
          />
        </div>
        <div
          class="MuiBox-root css-1rr4qq7"
        >
          <span
            class="MuiSkeleton-root MuiSkeleton-text MuiSkeleton-pulse css-1n7gpw1-MuiSkeleton-root"
          />
          <span
            class="MuiSkeleton-root MuiSkeleton-text MuiSkeleton-pulse css-1n7gpw1-MuiSkeleton-root"
          />
        </div>
      </div>
    </div>
    <div
      class="MuiGrid-root MuiGrid-container MuiGrid-item MuiGrid-direction-xs-column css-13wu608-MuiGrid-root"
    >
      <span
        class="MuiSkeleton-root MuiSkeleton-rectangular MuiSkeleton-pulse css-1wm4kle-MuiSkeleton-root"
        style="width: 300px; height: 15px;"
      />
    </div>
    <div
      class="MuiGrid-root MuiGrid-item css-g6cc9b-MuiGrid-root"
    >
      <div
        class="MuiStack-root css-19qjufr-MuiStack-root"
      >
        <div
          class="MuiBox-root css-iuqs4u"
        >
          <span
            class="MuiSkeleton-root MuiSkeleton-text MuiSkeleton-pulse css-1n7gpw1-MuiSkeleton-root"
          />
        </div>
        <div
          class="MuiBox-root css-1rr4qq7"
        >
          <span
            class="MuiSkeleton-root MuiSkeleton-text MuiSkeleton-pulse css-1n7gpw1-MuiSkeleton-root"
          />
          <span
            class="MuiSkeleton-root MuiSkeleton-text MuiSkeleton-pulse css-1n7gpw1-MuiSkeleton-root"
          />
        </div>
      </div>
      <div
        class="MuiStack-root css-19qjufr-MuiStack-root"
      >
        <div
          class="MuiBox-root css-iuqs4u"
        >
          <span
            class="MuiSkeleton-root MuiSkeleton-text MuiSkeleton-pulse css-1n7gpw1-MuiSkeleton-root"
          />
        </div>
        <div
          class="MuiBox-root css-1rr4qq7"
        >
          <span
            class="MuiSkeleton-root MuiSkeleton-text MuiSkeleton-pulse css-1n7gpw1-MuiSkeleton-root"
          />
          <span
            class="MuiSkeleton-root MuiSkeleton-text MuiSkeleton-pulse css-1n7gpw1-MuiSkeleton-root"
          />
        </div>
      </div>
      <div
        class="MuiStack-root css-19qjufr-MuiStack-root"
      >
        <div
          class="MuiBox-root css-iuqs4u"
        >
          <span
            class="MuiSkeleton-root MuiSkeleton-text MuiSkeleton-pulse css-1n7gpw1-MuiSkeleton-root"
          />
        </div>
        <div
          class="MuiBox-root css-1rr4qq7"
        >
          <span
            class="MuiSkeleton-root MuiSkeleton-text MuiSkeleton-pulse css-1n7gpw1-MuiSkeleton-root"
          />
          <span
            class="MuiSkeleton-root MuiSkeleton-text MuiSkeleton-pulse css-1n7gpw1-MuiSkeleton-root"
          />
        </div>
      </div>
    </div>
    <div
      class="MuiGrid-root MuiGrid-container MuiGrid-item MuiGrid-direction-xs-column css-1oxcpr4-MuiGrid-root"
    >
      <div
        class="MuiGrid-root MuiGrid-item css-13i4rnv-MuiGrid-root"
      >
        <h5
          class="MuiTypography-root MuiTypography-h5 css-ph2xsj-MuiTypography-root"
        >
          chartsTitle
        </h5>
      </div>
      <div
        class="MuiGrid-root MuiGrid-container MuiGrid-item css-1quez8l-MuiGrid-root"
      />
    </div>
    <div
      class="MuiGrid-root MuiGrid-container MuiGrid-item css-gi27lr-MuiGrid-root"
    >
      <button
        class="MuiButtonBase-root MuiButton-root MuiButton-naked MuiButton-nakedPrimary MuiButton-sizeSmall MuiButton-nakedSizeSmall MuiButton-root MuiButton-naked MuiButton-nakedPrimary MuiButton-sizeSmall MuiButton-nakedSizeSmall css-14wetfy-MuiButtonBase-root-MuiButton-root"
        tabindex="0"
        type="button"
      >
        <span
          class="MuiButton-startIcon MuiButton-iconSizeSmall css-y6rp3m-MuiButton-startIcon"
        >
          <svg
            aria-hidden="true"
            class="MuiSvgIcon-root MuiSvgIcon-fontSizeMedium css-i4bv87-MuiSvgIcon-root"
            data-testid="ArrowBackIcon"
            focusable="false"
            viewBox="0 0 24 24"
          >
            <path
              d="M20 11H7.83l5.59-5.59L12 4l-8 8 8 8 1.41-1.41L7.83 13H20v-2z"
            />
          </svg>
        </span>
        goBack
      </button>
    </div>
  </div>
</div>
`;
