// Vitest Snapshot v1, https://vitest.dev/guide/snapshot.html

exports[`Form > render component 1`] = `
<div>
  <div
    class="MuiPaper-root MuiPaper-elevation MuiPaper-rounded MuiPaper-elevation16 MuiCard-root css-9cvwhb-MuiPaper-root-MuiCard-root"
  >
    <form>
      <div
        class="MuiGrid-root MuiGrid-container MuiGrid-item MuiGrid-direction-xs-column css-ljy4ha-MuiGrid-root"
      >
        <div
          class="MuiGrid-root MuiGrid-container MuiGrid-item css-1qy0967-MuiGrid-root"
        >
          <div
            class="MuiGrid-root MuiGrid-container MuiGrid-item css-1f064cs-MuiGrid-root"
          >
            <div
              class="MuiFormControl-root MuiTextField-root css-1u3bzj6-MuiFormControl-root-MuiTextField-root"
            >
              <label
                class="MuiFormLabel-root MuiInputLabel-root MuiInputLabel-formControl MuiInputLabel-animated MuiInputLabel-outlined MuiFormLabel-colorPrimary MuiInputLabel-root MuiInputLabel-formControl MuiInputLabel-animated MuiInputLabel-outlined css-14s5rfu-MuiFormLabel-root-MuiInputLabel-root"
                data-shrink="false"
                for="username"
                id="username-label"
              >
                username
              </label>
              <div
                class="MuiInputBase-root MuiOutlinedInput-root MuiInputBase-colorPrimary MuiInputBase-formControl css-9ddj71-MuiInputBase-root-MuiOutlinedInput-root"
              >
                <input
                  aria-invalid="false"
                  class="MuiInputBase-input MuiOutlinedInput-input css-1t8l2tu-MuiInputBase-input-MuiOutlinedInput-input"
                  id="username"
                  type="email"
                  value=""
                />
                <fieldset
                  aria-hidden="true"
                  class="MuiOutlinedInput-notchedOutline css-1d3z3hw-MuiOutlinedInput-notchedOutline"
                >
                  <legend
                    class="css-yjsfm1"
                  >
                    <span>
                      username
                    </span>
                  </legend>
                </fieldset>
              </div>
            </div>
            <p
              class="MuiFormHelperText-root Mui-error css-1d1r5q-MuiFormHelperText-root"
            >
              <span
                class="notranslate"
              >
                ​
              </span>
            </p>
          </div>
          <div
            class="MuiGrid-root MuiGrid-container MuiGrid-item css-1f064cs-MuiGrid-root"
          >
            <div
              class="MuiFormControl-root MuiTextField-root css-1u3bzj6-MuiFormControl-root-MuiTextField-root"
            >
              <label
                class="MuiFormLabel-root MuiInputLabel-root MuiInputLabel-formControl MuiInputLabel-animated MuiInputLabel-outlined MuiFormLabel-colorPrimary MuiInputLabel-root MuiInputLabel-formControl MuiInputLabel-animated MuiInputLabel-outlined css-14s5rfu-MuiFormLabel-root-MuiInputLabel-root"
                data-shrink="false"
                for="password"
                id="password-label"
              >
                password
              </label>
              <div
                class="MuiInputBase-root MuiOutlinedInput-root MuiInputBase-colorPrimary MuiInputBase-formControl css-9ddj71-MuiInputBase-root-MuiOutlinedInput-root"
              >
                <input
                  aria-invalid="false"
                  class="MuiInputBase-input MuiOutlinedInput-input css-1t8l2tu-MuiInputBase-input-MuiOutlinedInput-input"
                  id="password"
                  type="password"
                  value=""
                />
                <fieldset
                  aria-hidden="true"
                  class="MuiOutlinedInput-notchedOutline css-1d3z3hw-MuiOutlinedInput-notchedOutline"
                >
                  <legend
                    class="css-yjsfm1"
                  >
                    <span>
                      password
                    </span>
                  </legend>
                </fieldset>
              </div>
            </div>
            <p
              class="MuiFormHelperText-root Mui-error css-1d1r5q-MuiFormHelperText-root"
            >
              <span
                class="notranslate"
              >
                ​
              </span>
            </p>
          </div>
        </div>
        <div
          class="MuiGrid-root MuiGrid-item css-131xi47-MuiGrid-root"
        >
          <button
            class="MuiButtonBase-root MuiButton-root MuiButton-contained MuiButton-containedPrimary MuiButton-sizeLarge MuiButton-containedSizeLarge Mui-disabled MuiButton-root MuiButton-contained MuiButton-containedPrimary MuiButton-sizeLarge MuiButton-containedSizeLarge css-w4y956-MuiButtonBase-root-MuiButton-root"
            disabled=""
            tabindex="-1"
            type="submit"
          >
            <p
              class="MuiTypography-root MuiTypography-body1 css-jb1ygz-MuiTypography-root"
            >
               
              Submit
            </p>
          </button>
        </div>
      </div>
    </form>
  </div>
</div>
`;
