// Vitest Snapshot v1, https://vitest.dev/guide/snapshot.html

exports[`ErrorPage > render component 1`] = `
<div>
  <div
    class="MuiStack-root css-1m2za9r-MuiStack-root"
  >
    <div
      class="MuiGrid-root MuiGrid-container MuiGrid-spacing-xs-2 css-mhc70k-MuiGrid-root"
    >
      <div
        class="MuiGrid-root MuiGrid-item MuiGrid-grid-xs-3 css-1equabv-MuiGrid-root"
      >
        <div
          class="MuiFormControl-root MuiTextField-root css-1u3bzj6-MuiFormControl-root-MuiTextField-root"
        >
          <label
            class="MuiFormLabel-root MuiInputLabel-root MuiInputLabel-formControl MuiInputLabel-animated MuiInputLabel-sizeSmall MuiInputLabel-outlined MuiFormLabel-colorPrimary MuiInputLabel-root MuiInputLabel-formControl MuiInputLabel-animated MuiInputLabel-sizeSmall MuiInputLabel-outlined css-1pysi21-MuiFormLabel-root-MuiInputLabel-root"
            data-shrink="false"
            for=":r0:"
            id=":r0:-label"
          >
            serviceNameFilter
          </label>
          <div
            class="MuiInputBase-root MuiOutlinedInput-root MuiInputBase-colorPrimary MuiInputBase-formControl MuiInputBase-sizeSmall MuiInputBase-adornedEnd css-o9k5xi-MuiInputBase-root-MuiOutlinedInput-root"
          >
            <input
              aria-invalid="false"
              class="MuiInputBase-input MuiOutlinedInput-input MuiInputBase-inputSizeSmall MuiInputBase-inputAdornedEnd css-19qh8xo-MuiInputBase-input-MuiOutlinedInput-input"
              id=":r0:"
              name="eserviceName"
              type="text"
              value=""
            />
            <button
              class="MuiButtonBase-root Mui-disabled MuiIconButton-root Mui-disabled MuiIconButton-sizeMedium css-ytfocf-MuiButtonBase-root-MuiIconButton-root"
              disabled=""
              tabindex="-1"
              type="button"
            >
              <svg
                aria-hidden="true"
                aria-label="Filtra"
                class="MuiSvgIcon-root MuiSvgIcon-fontSizeMedium css-i4bv87-MuiSvgIcon-root"
                data-testid="SearchIcon"
                focusable="false"
                viewBox="0 0 24 24"
              >
                <path
                  d="M15.5 14h-.79l-.28-.27C15.41 12.59 16 11.11 16 9.5 16 5.91 13.09 3 9.5 3S3 5.91 3 9.5 5.91 16 9.5 16c1.61 0 3.09-.59 4.23-1.57l.27.28v.79l5 4.99L20.49 19l-4.99-5zm-6 0C7.01 14 5 11.99 5 9.5S7.01 5 9.5 5 14 7.01 14 9.5 11.99 14 9.5 14z"
                />
              </svg>
            </button>
            <fieldset
              aria-hidden="true"
              class="MuiOutlinedInput-notchedOutline css-1d3z3hw-MuiOutlinedInput-notchedOutline"
            >
              <legend
                class="css-yjsfm1"
              >
                <span>
                  serviceNameFilter
                </span>
              </legend>
            </fieldset>
          </div>
        </div>
      </div>
      <div
        class="MuiGrid-root MuiGrid-item MuiGrid-grid-xs-3 css-1equabv-MuiGrid-root"
      >
        <div
          class="MuiAutocomplete-root MuiAutocomplete-hasPopupIcon css-4xbbh5-MuiAutocomplete-root"
          label="serviceProducerFilter"
        >
          <div
            class="MuiFormControl-root MuiFormControl-fullWidth MuiTextField-root css-wb57ya-MuiFormControl-root-MuiTextField-root"
          >
            <label
              class="MuiFormLabel-root MuiInputLabel-root MuiInputLabel-formControl MuiInputLabel-animated MuiInputLabel-sizeSmall MuiInputLabel-outlined MuiFormLabel-colorPrimary MuiInputLabel-root MuiInputLabel-formControl MuiInputLabel-animated MuiInputLabel-sizeSmall MuiInputLabel-outlined css-1pysi21-MuiFormLabel-root-MuiInputLabel-root"
              data-shrink="false"
              for=":r1:"
              id=":r1:-label"
            >
              serviceProducerFilter
            </label>
            <div
              class="MuiInputBase-root MuiOutlinedInput-root MuiInputBase-colorPrimary MuiInputBase-fullWidth MuiInputBase-formControl MuiInputBase-sizeSmall MuiInputBase-adornedEnd MuiAutocomplete-inputRoot css-154xyx0-MuiInputBase-root-MuiOutlinedInput-root"
            >
              <input
                aria-autocomplete="list"
                aria-expanded="false"
                aria-invalid="false"
                autocapitalize="none"
                autocomplete="off"
                class="MuiInputBase-input MuiOutlinedInput-input MuiInputBase-inputSizeSmall MuiInputBase-inputAdornedEnd MuiAutocomplete-input MuiAutocomplete-inputFocused css-19qh8xo-MuiInputBase-input-MuiOutlinedInput-input"
                id=":r1:"
                role="combobox"
                spellcheck="false"
                type="text"
                value=""
              />
              <div
                class="MuiAutocomplete-endAdornment css-1q60rmi-MuiAutocomplete-endAdornment"
              >
                <button
                  aria-label="Open"
                  class="MuiButtonBase-root MuiIconButton-root MuiIconButton-sizeMedium MuiAutocomplete-popupIndicator css-qzbt6i-MuiButtonBase-root-MuiIconButton-root-MuiAutocomplete-popupIndicator"
                  tabindex="-1"
                  title="Open"
                  type="button"
                >
                  <svg
                    aria-hidden="true"
                    class="MuiSvgIcon-root MuiSvgIcon-fontSizeMedium css-i4bv87-MuiSvgIcon-root"
                    data-testid="ArrowDropDownIcon"
                    focusable="false"
                    viewBox="0 0 24 24"
                  >
                    <path
                      d="M7 10l5 5 5-5z"
                    />
                  </svg>
                  <span
                    class="MuiTouchRipple-root css-8je8zh-MuiTouchRipple-root"
                  />
                </button>
              </div>
              <fieldset
                aria-hidden="true"
                class="MuiOutlinedInput-notchedOutline css-1d3z3hw-MuiOutlinedInput-notchedOutline"
              >
                <legend
                  class="css-yjsfm1"
                >
                  <span>
                    serviceProducerFilter
                  </span>
                </legend>
              </fieldset>
            </div>
          </div>
        </div>
      </div>
      <div
        class="MuiGrid-root MuiGrid-item MuiGrid-grid-xs-3 css-1equabv-MuiGrid-root"
      >
        <div
          class="MuiFormControl-root MuiTextField-root css-1u3bzj6-MuiFormControl-root-MuiTextField-root"
        >
          <label
            class="MuiFormLabel-root MuiInputLabel-root MuiInputLabel-formControl MuiInputLabel-animated MuiInputLabel-sizeSmall MuiInputLabel-outlined MuiFormLabel-colorPrimary MuiInputLabel-root MuiInputLabel-formControl MuiInputLabel-animated MuiInputLabel-sizeSmall MuiInputLabel-outlined css-1pysi21-MuiFormLabel-root-MuiInputLabel-root"
            data-shrink="false"
            for=":r3:"
            id=":r3:-label"
          >
            serviceVersionFilter
          </label>
          <div
            class="MuiInputBase-root MuiOutlinedInput-root MuiInputBase-colorPrimary MuiInputBase-formControl MuiInputBase-sizeSmall MuiInputBase-adornedEnd css-o9k5xi-MuiInputBase-root-MuiOutlinedInput-root"
          >
            <input
              aria-invalid="false"
              class="MuiInputBase-input MuiOutlinedInput-input MuiInputBase-inputSizeSmall MuiInputBase-inputAdornedEnd css-19qh8xo-MuiInputBase-input-MuiOutlinedInput-input"
              id=":r3:"
              name="versionNumber"
              style="padding-right: 20px;"
              type="number"
              value=""
            />
            <button
              class="MuiButtonBase-root Mui-disabled MuiIconButton-root Mui-disabled MuiIconButton-sizeMedium css-ytfocf-MuiButtonBase-root-MuiIconButton-root"
              disabled=""
              tabindex="-1"
              type="button"
            >
              <svg
                aria-hidden="true"
                aria-label="Filtra"
                class="MuiSvgIcon-root MuiSvgIcon-fontSizeMedium css-i4bv87-MuiSvgIcon-root"
                data-testid="SearchIcon"
                focusable="false"
                viewBox="0 0 24 24"
              >
                <path
                  d="M15.5 14h-.79l-.28-.27C15.41 12.59 16 11.11 16 9.5 16 5.91 13.09 3 9.5 3S3 5.91 3 9.5 5.91 16 9.5 16c1.61 0 3.09-.59 4.23-1.57l.27.28v.79l5 4.99L20.49 19l-4.99-5zm-6 0C7.01 14 5 11.99 5 9.5S7.01 5 9.5 5 14 7.01 14 9.5 11.99 14 9.5 14z"
                />
              </svg>
            </button>
            <fieldset
              aria-hidden="true"
              class="MuiOutlinedInput-notchedOutline css-1d3z3hw-MuiOutlinedInput-notchedOutline"
            >
              <legend
                class="css-yjsfm1"
              >
                <span>
                  serviceVersionFilter
                </span>
              </legend>
            </fieldset>
          </div>
        </div>
      </div>
      <div
        class="MuiGrid-root MuiGrid-item MuiGrid-grid-xs-3 css-1equabv-MuiGrid-root"
      >
        <div
          class="MuiAutocomplete-root MuiAutocomplete-hasPopupIcon css-4xbbh5-MuiAutocomplete-root"
          label="serviceStateFilter"
        >
          <div
            class="MuiFormControl-root MuiFormControl-fullWidth MuiTextField-root css-wb57ya-MuiFormControl-root-MuiTextField-root"
          >
            <label
              class="MuiFormLabel-root MuiInputLabel-root MuiInputLabel-formControl MuiInputLabel-animated MuiInputLabel-sizeSmall MuiInputLabel-outlined MuiFormLabel-colorPrimary MuiInputLabel-root MuiInputLabel-formControl MuiInputLabel-animated MuiInputLabel-sizeSmall MuiInputLabel-outlined css-1pysi21-MuiFormLabel-root-MuiInputLabel-root"
              data-shrink="false"
              for=":r4:"
              id=":r4:-label"
            >
              serviceStateFilter
            </label>
            <div
              class="MuiInputBase-root MuiOutlinedInput-root MuiInputBase-colorPrimary MuiInputBase-fullWidth MuiInputBase-formControl MuiInputBase-sizeSmall MuiInputBase-adornedEnd MuiAutocomplete-inputRoot css-154xyx0-MuiInputBase-root-MuiOutlinedInput-root"
            >
              <input
                aria-autocomplete="list"
                aria-expanded="false"
                aria-invalid="false"
                autocapitalize="none"
                autocomplete="off"
                class="MuiInputBase-input MuiOutlinedInput-input MuiInputBase-inputSizeSmall MuiInputBase-inputAdornedEnd MuiAutocomplete-input MuiAutocomplete-inputFocused css-19qh8xo-MuiInputBase-input-MuiOutlinedInput-input"
                id=":r4:"
                role="combobox"
                spellcheck="false"
                type="text"
                value=""
              />
              <div
                class="MuiAutocomplete-endAdornment css-1q60rmi-MuiAutocomplete-endAdornment"
              >
                <button
                  aria-label="Open"
                  class="MuiButtonBase-root MuiIconButton-root MuiIconButton-sizeMedium MuiAutocomplete-popupIndicator css-qzbt6i-MuiButtonBase-root-MuiIconButton-root-MuiAutocomplete-popupIndicator"
                  tabindex="-1"
                  title="Open"
                  type="button"
                >
                  <svg
                    aria-hidden="true"
                    class="MuiSvgIcon-root MuiSvgIcon-fontSizeMedium css-i4bv87-MuiSvgIcon-root"
                    data-testid="ArrowDropDownIcon"
                    focusable="false"
                    viewBox="0 0 24 24"
                  >
                    <path
                      d="M7 10l5 5 5-5z"
                    />
                  </svg>
                  <span
                    class="MuiTouchRipple-root css-8je8zh-MuiTouchRipple-root"
                  />
                </button>
              </div>
              <fieldset
                aria-hidden="true"
                class="MuiOutlinedInput-notchedOutline css-1d3z3hw-MuiOutlinedInput-notchedOutline"
              >
                <legend
                  class="css-yjsfm1"
                >
                  <span>
                    serviceStateFilter
                  </span>
                </legend>
              </fieldset>
            </div>
          </div>
        </div>
      </div>
    </div>
    <hr
      class="MuiDivider-root MuiDivider-fullWidth css-1b008ma-MuiDivider-root"
    />
    <div
      class="MuiStack-root css-guojqh-MuiStack-root"
    >
      <div
        class="MuiStack-root css-1xvxq01-MuiStack-root"
      />
      <button
        class="MuiButtonBase-root MuiButton-root MuiButton-naked MuiButton-nakedPrimary MuiButton-sizeSmall MuiButton-nakedSizeSmall MuiButton-root MuiButton-naked MuiButton-nakedPrimary MuiButton-sizeSmall MuiButton-nakedSizeSmall css-14wetfy-MuiButtonBase-root-MuiButton-root"
        tabindex="0"
        type="button"
      >
        <span
          class="MuiButton-startIcon MuiButton-iconSizeSmall css-y6rp3m-MuiButton-startIcon"
        >
          <svg
            aria-hidden="true"
            class="MuiSvgIcon-root MuiSvgIcon-fontSizeMedium css-i4bv87-MuiSvgIcon-root"
            data-testid="RefreshIcon"
            focusable="false"
            viewBox="0 0 24 24"
          >
            <path
              d="M17.65 6.35C16.2 4.9 14.21 4 12 4c-4.42 0-7.99 3.58-7.99 8s3.57 8 7.99 8c3.73 0 6.84-2.55 7.73-6h-2.08c-.82 2.33-3.04 4-5.65 4-3.31 0-6-2.69-6-6s2.69-6 6-6c1.66 0 3.14.69 4.22 1.78L13 11h7V4l-2.35 2.35z"
            />
          </svg>
        </span>
        refresh
      </button>
    </div>
  </div>
  <div
    class="MuiTableContainer-root css-u77c0j-MuiTableContainer-root"
  >
    <table
      class="MuiTable-root css-rqglhn-MuiTable-root"
    >
      <thead
        class="MuiTableHead-root css-whv87p-MuiTableHead-root"
      >
        <tr
          class="MuiTableRow-root MuiTableRow-head css-1q1u3t4-MuiTableRow-root"
        >
          <th
            class="MuiTableCell-root MuiTableCell-head MuiTableCell-sizeMedium css-1ygcj2i-MuiTableCell-root"
            scope="col"
          >
            serviceName
          </th>
          <th
            class="MuiTableCell-root MuiTableCell-head MuiTableCell-sizeMedium css-1ygcj2i-MuiTableCell-root"
            scope="col"
          >
            serviceVersion
          </th>
          <th
            class="MuiTableCell-root MuiTableCell-head MuiTableCell-sizeMedium css-1ygcj2i-MuiTableCell-root"
            scope="col"
          >
            serviceProducer
          </th>
          <th
            class="MuiTableCell-root MuiTableCell-head MuiTableCell-sizeMedium css-1ygcj2i-MuiTableCell-root"
            scope="col"
          >
            serviceState
          </th>
          <th
            class="MuiTableCell-root MuiTableCell-head MuiTableCell-sizeMedium css-1ygcj2i-MuiTableCell-root"
            scope="col"
          >
            lastDetectionDate
          </th>
          <th
            class="MuiTableCell-root MuiTableCell-head MuiTableCell-sizeMedium css-1ygcj2i-MuiTableCell-root"
            scope="col"
          />
        </tr>
      </thead>
      <tbody
        class="MuiTableBody-root css-1nq9kkf-MuiTableBody-root"
      >
        <tr
          class="MuiTableRow-root css-1p72hwd-MuiTableRow-root"
        >
          <td
            class="MuiTableCell-root MuiTableCell-body MuiTableCell-sizeMedium css-1rpd3i8-MuiTableCell-root"
          >
            <span
              class="MuiSkeleton-root MuiSkeleton-text MuiSkeleton-pulse css-1n7gpw1-MuiSkeleton-root"
            />
          </td>
          <td
            class="MuiTableCell-root MuiTableCell-body MuiTableCell-sizeMedium css-1rpd3i8-MuiTableCell-root"
          >
            <span
              class="MuiSkeleton-root MuiSkeleton-text MuiSkeleton-pulse css-1n7gpw1-MuiSkeleton-root"
            />
          </td>
          <td
            class="MuiTableCell-root MuiTableCell-body MuiTableCell-sizeMedium css-1rpd3i8-MuiTableCell-root"
          >
            <span
              class="MuiSkeleton-root MuiSkeleton-text MuiSkeleton-pulse css-1n7gpw1-MuiSkeleton-root"
            />
          </td>
          <td
            class="MuiTableCell-root MuiTableCell-body MuiTableCell-sizeMedium css-1rpd3i8-MuiTableCell-root"
          >
            <span
              class="MuiSkeleton-root MuiSkeleton-text MuiSkeleton-pulse css-1n7gpw1-MuiSkeleton-root"
            />
          </td>
          <td
            class="MuiTableCell-root MuiTableCell-body MuiTableCell-sizeMedium css-1rpd3i8-MuiTableCell-root"
          >
            <span
              class="MuiSkeleton-root MuiSkeleton-text MuiSkeleton-pulse css-1n7gpw1-MuiSkeleton-root"
            />
          </td>
          <td
            class="MuiTableCell-root MuiTableCell-body MuiTableCell-alignRight MuiTableCell-sizeMedium css-2u9kxv-MuiTableCell-root"
          >
            <span
              class="MuiSkeleton-root MuiSkeleton-rectangular MuiSkeleton-pulse css-1sfb4pw-MuiSkeleton-root"
              style="width: 100px; height: 40px;"
            />
          </td>
        </tr>
        <tr
          class="MuiTableRow-root css-1p72hwd-MuiTableRow-root"
        >
          <td
            class="MuiTableCell-root MuiTableCell-body MuiTableCell-sizeMedium css-1rpd3i8-MuiTableCell-root"
          >
            <span
              class="MuiSkeleton-root MuiSkeleton-text MuiSkeleton-pulse css-1n7gpw1-MuiSkeleton-root"
            />
          </td>
          <td
            class="MuiTableCell-root MuiTableCell-body MuiTableCell-sizeMedium css-1rpd3i8-MuiTableCell-root"
          >
            <span
              class="MuiSkeleton-root MuiSkeleton-text MuiSkeleton-pulse css-1n7gpw1-MuiSkeleton-root"
            />
          </td>
          <td
            class="MuiTableCell-root MuiTableCell-body MuiTableCell-sizeMedium css-1rpd3i8-MuiTableCell-root"
          >
            <span
              class="MuiSkeleton-root MuiSkeleton-text MuiSkeleton-pulse css-1n7gpw1-MuiSkeleton-root"
            />
          </td>
          <td
            class="MuiTableCell-root MuiTableCell-body MuiTableCell-sizeMedium css-1rpd3i8-MuiTableCell-root"
          >
            <span
              class="MuiSkeleton-root MuiSkeleton-text MuiSkeleton-pulse css-1n7gpw1-MuiSkeleton-root"
            />
          </td>
          <td
            class="MuiTableCell-root MuiTableCell-body MuiTableCell-sizeMedium css-1rpd3i8-MuiTableCell-root"
          >
            <span
              class="MuiSkeleton-root MuiSkeleton-text MuiSkeleton-pulse css-1n7gpw1-MuiSkeleton-root"
            />
          </td>
          <td
            class="MuiTableCell-root MuiTableCell-body MuiTableCell-alignRight MuiTableCell-sizeMedium css-2u9kxv-MuiTableCell-root"
          >
            <span
              class="MuiSkeleton-root MuiSkeleton-rectangular MuiSkeleton-pulse css-1sfb4pw-MuiSkeleton-root"
              style="width: 100px; height: 40px;"
            />
          </td>
        </tr>
        <tr
          class="MuiTableRow-root css-1p72hwd-MuiTableRow-root"
        >
          <td
            class="MuiTableCell-root MuiTableCell-body MuiTableCell-sizeMedium css-1rpd3i8-MuiTableCell-root"
          >
            <span
              class="MuiSkeleton-root MuiSkeleton-text MuiSkeleton-pulse css-1n7gpw1-MuiSkeleton-root"
            />
          </td>
          <td
            class="MuiTableCell-root MuiTableCell-body MuiTableCell-sizeMedium css-1rpd3i8-MuiTableCell-root"
          >
            <span
              class="MuiSkeleton-root MuiSkeleton-text MuiSkeleton-pulse css-1n7gpw1-MuiSkeleton-root"
            />
          </td>
          <td
            class="MuiTableCell-root MuiTableCell-body MuiTableCell-sizeMedium css-1rpd3i8-MuiTableCell-root"
          >
            <span
              class="MuiSkeleton-root MuiSkeleton-text MuiSkeleton-pulse css-1n7gpw1-MuiSkeleton-root"
            />
          </td>
          <td
            class="MuiTableCell-root MuiTableCell-body MuiTableCell-sizeMedium css-1rpd3i8-MuiTableCell-root"
          >
            <span
              class="MuiSkeleton-root MuiSkeleton-text MuiSkeleton-pulse css-1n7gpw1-MuiSkeleton-root"
            />
          </td>
          <td
            class="MuiTableCell-root MuiTableCell-body MuiTableCell-sizeMedium css-1rpd3i8-MuiTableCell-root"
          >
            <span
              class="MuiSkeleton-root MuiSkeleton-text MuiSkeleton-pulse css-1n7gpw1-MuiSkeleton-root"
            />
          </td>
          <td
            class="MuiTableCell-root MuiTableCell-body MuiTableCell-alignRight MuiTableCell-sizeMedium css-2u9kxv-MuiTableCell-root"
          >
            <span
              class="MuiSkeleton-root MuiSkeleton-rectangular MuiSkeleton-pulse css-1sfb4pw-MuiSkeleton-root"
              style="width: 100px; height: 40px;"
            />
          </td>
        </tr>
        <tr
          class="MuiTableRow-root css-1p72hwd-MuiTableRow-root"
        >
          <td
            class="MuiTableCell-root MuiTableCell-body MuiTableCell-sizeMedium css-1rpd3i8-MuiTableCell-root"
          >
            <span
              class="MuiSkeleton-root MuiSkeleton-text MuiSkeleton-pulse css-1n7gpw1-MuiSkeleton-root"
            />
          </td>
          <td
            class="MuiTableCell-root MuiTableCell-body MuiTableCell-sizeMedium css-1rpd3i8-MuiTableCell-root"
          >
            <span
              class="MuiSkeleton-root MuiSkeleton-text MuiSkeleton-pulse css-1n7gpw1-MuiSkeleton-root"
            />
          </td>
          <td
            class="MuiTableCell-root MuiTableCell-body MuiTableCell-sizeMedium css-1rpd3i8-MuiTableCell-root"
          >
            <span
              class="MuiSkeleton-root MuiSkeleton-text MuiSkeleton-pulse css-1n7gpw1-MuiSkeleton-root"
            />
          </td>
          <td
            class="MuiTableCell-root MuiTableCell-body MuiTableCell-sizeMedium css-1rpd3i8-MuiTableCell-root"
          >
            <span
              class="MuiSkeleton-root MuiSkeleton-text MuiSkeleton-pulse css-1n7gpw1-MuiSkeleton-root"
            />
          </td>
          <td
            class="MuiTableCell-root MuiTableCell-body MuiTableCell-sizeMedium css-1rpd3i8-MuiTableCell-root"
          >
            <span
              class="MuiSkeleton-root MuiSkeleton-text MuiSkeleton-pulse css-1n7gpw1-MuiSkeleton-root"
            />
          </td>
          <td
            class="MuiTableCell-root MuiTableCell-body MuiTableCell-alignRight MuiTableCell-sizeMedium css-2u9kxv-MuiTableCell-root"
          >
            <span
              class="MuiSkeleton-root MuiSkeleton-rectangular MuiSkeleton-pulse css-1sfb4pw-MuiSkeleton-root"
              style="width: 100px; height: 40px;"
            />
          </td>
        </tr>
        <tr
          class="MuiTableRow-root css-1p72hwd-MuiTableRow-root"
        >
          <td
            class="MuiTableCell-root MuiTableCell-body MuiTableCell-sizeMedium css-1rpd3i8-MuiTableCell-root"
          >
            <span
              class="MuiSkeleton-root MuiSkeleton-text MuiSkeleton-pulse css-1n7gpw1-MuiSkeleton-root"
            />
          </td>
          <td
            class="MuiTableCell-root MuiTableCell-body MuiTableCell-sizeMedium css-1rpd3i8-MuiTableCell-root"
          >
            <span
              class="MuiSkeleton-root MuiSkeleton-text MuiSkeleton-pulse css-1n7gpw1-MuiSkeleton-root"
            />
          </td>
          <td
            class="MuiTableCell-root MuiTableCell-body MuiTableCell-sizeMedium css-1rpd3i8-MuiTableCell-root"
          >
            <span
              class="MuiSkeleton-root MuiSkeleton-text MuiSkeleton-pulse css-1n7gpw1-MuiSkeleton-root"
            />
          </td>
          <td
            class="MuiTableCell-root MuiTableCell-body MuiTableCell-sizeMedium css-1rpd3i8-MuiTableCell-root"
          >
            <span
              class="MuiSkeleton-root MuiSkeleton-text MuiSkeleton-pulse css-1n7gpw1-MuiSkeleton-root"
            />
          </td>
          <td
            class="MuiTableCell-root MuiTableCell-body MuiTableCell-sizeMedium css-1rpd3i8-MuiTableCell-root"
          >
            <span
              class="MuiSkeleton-root MuiSkeleton-text MuiSkeleton-pulse css-1n7gpw1-MuiSkeleton-root"
            />
          </td>
          <td
            class="MuiTableCell-root MuiTableCell-body MuiTableCell-alignRight MuiTableCell-sizeMedium css-2u9kxv-MuiTableCell-root"
          >
            <span
              class="MuiSkeleton-root MuiSkeleton-rectangular MuiSkeleton-pulse css-1sfb4pw-MuiSkeleton-root"
              style="width: 100px; height: 40px;"
            />
          </td>
        </tr>
      </tbody>
    </table>
  </div>
</div>
`;
